[12:32:40] trajectory: 2466 poses, t in [1784717484.40, 1784717784.89]
[12:32:40] TSDF bounds: min=[-12.029549  -5.606559  -5.877292], max=[17.060126 22.337768  6.681112], voxel=0.03 m, trunc=0.12 m
[12:32:40] TSDF grid dims: [971, 933, 420] (380,496,060 voxels)
[12:32:40] reusing existing frame cache
[12:32:40] pass 2/3: estimating a global intensity normalisation range...
[INFO] [1788777160.598562530] [rosbag2_storage]: Opened database '/home/autosweep/autosweep/dataset22jul/coverage1/coverage1.db3' for READ_ONLY.
[12:32:46] intensity range estimate from 2043516 samples: [7.0, 1156.0]
[12:32:46] pass 3/3: streaming scans, deskewing, colourising and fusing into the TSDF...
[INFO] [1788777166.772299437] [rosbag2_storage]: Opened database '/home/autosweep/autosweep/dataset22jul/coverage1/coverage1.db3' for READ_ONLY.
[12:33:03]   200 scans, 4,928,227 points fused (17s, 12.0 scans/s)
[12:33:33]   400 scans, 15,202,783 points fused (47s, 8.5 scans/s)
[12:34:04]   600 scans, 25,492,228 points fused (78s, 7.7 scans/s)
[12:34:34]   800 scans, 35,658,511 points fused (108s, 7.4 scans/s)
[12:35:06]   1000 scans, 46,058,997 points fused (140s, 7.1 scans/s)
[12:35:37]   1200 scans, 56,563,016 points fused (171s, 7.0 scans/s)
[12:36:07]   1400 scans, 66,520,389 points fused (201s, 7.0 scans/s)
[12:36:39]   1600 scans, 76,927,908 points fused (233s, 6.9 scans/s)
[12:37:09]   1800 scans, 87,148,011 points fused (263s, 6.8 scans/s)
[12:37:39]   2000 scans, 97,509,524 points fused (293s, 6.8 scans/s)
[12:38:03]   2200 scans, 107,692,584 points fused (317s, 6.9 scans/s)
[12:38:23]   2400 scans, 117,790,259 points fused (337s, 7.1 scans/s)
[12:38:44]   2600 scans, 128,220,773 points fused (358s, 7.3 scans/s)
[12:39:04]   2800 scans, 138,493,050 points fused (378s, 7.4 scans/s)
[12:39:25]   3000 scans, 148,799,559 points fused (399s, 7.5 scans/s)
[12:39:37] fusion done: 3113 scans, 154,494,452 points (16.9% coloured from RGB)
[12:39:37] extracting mesh from the TSDF...
[12:39:47] raw marching-cubes mesh: 5,855,301 vertices, 10,943,452 triangles
[12:40:24] report -> /home/autosweep/glim_ws/meshes/finer_mapping/outputs/finer_map_report.json
